Analysis & Synthesis report for cpu
Fri Mar 13 13:09:21 2026
Quartus II 32-bit Version 13.0.1 Build 232 06/12/2013 Service Pack 1 SJ Web Edition


---------------------
; Table of Contents ;
---------------------
  1. Legal Notice
  2. Analysis & Synthesis Summary
  3. Analysis & Synthesis Settings
  4. Parallel Compilation
  5. Analysis & Synthesis Source Files Read
  6. Analysis & Synthesis Resource Usage Summary
  7. Analysis & Synthesis Resource Utilization by Entity
  8. General Register Statistics
  9. Parameter Settings for User Entity Instance: datapath:dp|flopr:pc_reg_inst
 10. Parameter Settings for User Entity Instance: datapath:dp|instruction_memory:imem
 11. Parameter Settings for User Entity Instance: datapath:dp|register_file:rf
 12. Parameter Settings for User Entity Instance: datapath:dp|imm_gen:immgen
 13. Parameter Settings for User Entity Instance: datapath:dp|mux2:alu_src_mux
 14. Parameter Settings for User Entity Instance: datapath:dp|alu:alu_inst
 15. Parameter Settings for User Entity Instance: datapath:dp|data_memory:dmem
 16. Parameter Settings for User Entity Instance: datapath:dp|mux3:writeback_mux
 17. Parameter Settings for User Entity Instance: datapath:dp|mux2:pc_mux
 18. Port Connectivity Checks: "datapath:dp"
 19. Elapsed Time Per Partition
 20. Analysis & Synthesis Messages



----------------
; Legal Notice ;
----------------
Copyright (C) 1991-2013 Altera Corporation
Your use of Altera Corporation's design tools, logic functions 
and other software and tools, and its AMPP partner logic 
functions, and any output files from any of the foregoing 
(including device programming or simulation files), and any 
associated documentation or information are expressly subject 
to the terms and conditions of the Altera Program License 
Subscription Agreement, Altera MegaCore Function License 
Agreement, or other applicable license agreement, including, 
without limitation, that your use is for the sole purpose of 
programming logic devices manufactured by Altera and sold by 
Altera or its authorized distributors.  Please refer to the 
applicable agreement for further details.



+--------------------------------------------------------------------------------------+
; Analysis & Synthesis Summary                                                         ;
+------------------------------------+-------------------------------------------------+
; Analysis & Synthesis Status        ; Successful - Fri Mar 13 13:09:21 2026           ;
; Quartus II 32-bit Version          ; 13.0.1 Build 232 06/12/2013 SP 1 SJ Web Edition ;
; Revision Name                      ; cpu                                             ;
; Top-level Entity Name              ; cpu                                             ;
; Family                             ; Cyclone IV GX                                   ;
; Total logic elements               ; 0                                               ;
;     Total combinational functions  ; 0                                               ;
;     Dedicated logic registers      ; 0                                               ;
; Total registers                    ; 0                                               ;
; Total pins                         ; 2                                               ;
; Total virtual pins                 ; 0                                               ;
; Total memory bits                  ; 0                                               ;
; Embedded Multiplier 9-bit elements ; 0                                               ;
; Total GXB Receiver Channel PCS     ; 0                                               ;
; Total GXB Receiver Channel PMA     ; 0                                               ;
; Total GXB Transmitter Channel PCS  ; 0                                               ;
; Total GXB Transmitter Channel PMA  ; 0                                               ;
; Total PLLs                         ; 0                                               ;
+------------------------------------+-------------------------------------------------+


+----------------------------------------------------------------------------------------------------------------------+
; Analysis & Synthesis Settings                                                                                        ;
+----------------------------------------------------------------------------+--------------------+--------------------+
; Option                                                                     ; Setting            ; Default Value      ;
+----------------------------------------------------------------------------+--------------------+--------------------+
; Top-level entity name                                                      ; cpu                ; cpu                ;
; Family name                                                                ; Cyclone IV GX      ; Cyclone IV GX      ;
; Use smart compilation                                                      ; Off                ; Off                ;
; Enable parallel Assembler and TimeQuest Timing Analyzer during compilation ; On                 ; On                 ;
; Enable compact report table                                                ; Off                ; Off                ;
; Restructure Multiplexers                                                   ; Auto               ; Auto               ;
; Create Debugging Nodes for IP Cores                                        ; Off                ; Off                ;
; Preserve fewer node names                                                  ; On                 ; On                 ;
; Disable OpenCore Plus hardware evaluation                                  ; Off                ; Off                ;
; Verilog Version                                                            ; Verilog_2001       ; Verilog_2001       ;
; VHDL Version                                                               ; VHDL_1993          ; VHDL_1993          ;
; State Machine Processing                                                   ; Auto               ; Auto               ;
; Safe State Machine                                                         ; Off                ; Off                ;
; Extract Verilog State Machines                                             ; On                 ; On                 ;
; Extract VHDL State Machines                                                ; On                 ; On                 ;
; Ignore Verilog initial constructs                                          ; Off                ; Off                ;
; Iteration limit for constant Verilog loops                                 ; 5000               ; 5000               ;
; Iteration limit for non-constant Verilog loops                             ; 250                ; 250                ;
; Add Pass-Through Logic to Inferred RAMs                                    ; On                 ; On                 ;
; Infer RAMs from Raw Logic                                                  ; On                 ; On                 ;
; Parallel Synthesis                                                         ; On                 ; On                 ;
; DSP Block Balancing                                                        ; Auto               ; Auto               ;
; NOT Gate Push-Back                                                         ; On                 ; On                 ;
; Power-Up Don't Care                                                        ; On                 ; On                 ;
; Remove Redundant Logic Cells                                               ; Off                ; Off                ;
; Remove Duplicate Registers                                                 ; On                 ; On                 ;
; Ignore CARRY Buffers                                                       ; Off                ; Off                ;
; Ignore CASCADE Buffers                                                     ; Off                ; Off                ;
; Ignore GLOBAL Buffers                                                      ; Off                ; Off                ;
; Ignore ROW GLOBAL Buffers                                                  ; Off                ; Off                ;
; Ignore LCELL Buffers                                                       ; Off                ; Off                ;
; Ignore SOFT Buffers                                                        ; On                 ; On                 ;
; Limit AHDL Integers to 32 Bits                                             ; Off                ; Off                ;
; Optimization Technique                                                     ; Balanced           ; Balanced           ;
; Carry Chain Length                                                         ; 70                 ; 70                 ;
; Auto Carry Chains                                                          ; On                 ; On                 ;
; Auto Open-Drain Pins                                                       ; On                 ; On                 ;
; Perform WYSIWYG Primitive Resynthesis                                      ; Off                ; Off                ;
; Auto ROM Replacement                                                       ; On                 ; On                 ;
; Auto RAM Replacement                                                       ; On                 ; On                 ;
; Auto DSP Block Replacement                                                 ; On                 ; On                 ;
; Auto Shift Register Replacement                                            ; Auto               ; Auto               ;
; Allow Shift Register Merging across Hierarchies                            ; Auto               ; Auto               ;
; Auto Clock Enable Replacement                                              ; On                 ; On                 ;
; Strict RAM Replacement                                                     ; Off                ; Off                ;
; Allow Synchronous Control Signals                                          ; On                 ; On                 ;
; Force Use of Synchronous Clear Signals                                     ; Off                ; Off                ;
; Auto RAM Block Balancing                                                   ; On                 ; On                 ;
; Auto RAM to Logic Cell Conversion                                          ; Off                ; Off                ;
; Auto Resource Sharing                                                      ; Off                ; Off                ;
; Allow Any RAM Size For Recognition                                         ; Off                ; Off                ;
; Allow Any ROM Size For Recognition                                         ; Off                ; Off                ;
; Allow Any Shift Register Size For Recognition                              ; Off                ; Off                ;
; Use LogicLock Constraints during Resource Balancing                        ; On                 ; On                 ;
; Ignore translate_off and synthesis_off directives                          ; Off                ; Off                ;
; Timing-Driven Synthesis                                                    ; On                 ; On                 ;
; Report Parameter Settings                                                  ; On                 ; On                 ;
; Report Source Assignments                                                  ; On                 ; On                 ;
; Report Connectivity Checks                                                 ; On                 ; On                 ;
; Ignore Maximum Fan-Out Assignments                                         ; Off                ; Off                ;
; Synchronization Register Chain Length                                      ; 2                  ; 2                  ;
; PowerPlay Power Optimization                                               ; Normal compilation ; Normal compilation ;
; HDL message level                                                          ; Level2             ; Level2             ;
; Suppress Register Optimization Related Messages                            ; Off                ; Off                ;
; Number of Removed Registers Reported in Synthesis Report                   ; 5000               ; 5000               ;
; Number of Swept Nodes Reported in Synthesis Report                         ; 5000               ; 5000               ;
; Number of Inverted Registers Reported in Synthesis Report                  ; 100                ; 100                ;
; Clock MUX Protection                                                       ; On                 ; On                 ;
; Auto Gated Clock Conversion                                                ; Off                ; Off                ;
; Block Design Naming                                                        ; Auto               ; Auto               ;
; SDC constraint protection                                                  ; Off                ; Off                ;
; Synthesis Effort                                                           ; Auto               ; Auto               ;
; Shift Register Replacement - Allow Asynchronous Clear Signal               ; On                 ; On                 ;
; Pre-Mapping Resynthesis Optimization                                       ; Off                ; Off                ;
; Analysis & Synthesis Message Level                                         ; Medium             ; Medium             ;
; Disable Register Merging Across Hierarchies                                ; Auto               ; Auto               ;
; Resource Aware Inference For Block RAM                                     ; On                 ; On                 ;
; Synthesis Seed                                                             ; 1                  ; 1                  ;
+----------------------------------------------------------------------------+--------------------+--------------------+


Parallel compilation was disabled, but you have multiple processors available. Enable parallel compilation to reduce compilation time.
+-------------------------------------+
; Parallel Compilation                ;
+----------------------------+--------+
; Processors                 ; Number ;
+----------------------------+--------+
; Number detected on machine ; 8      ;
; Maximum allowed            ; 1      ;
+----------------------------+--------+


+------------------------------------------------------------------------------------------------------------------------------------------------------------------------------------------+
; Analysis & Synthesis Source Files Read                                                                                                                                                   ;
+-----------------------------------------------+-----------------+------------------------------+-------------------------------------------------------------------------------+---------+
; File Name with User-Entered Path              ; Used in Netlist ; File Type                    ; File Name with Absolute Path                                                  ; Library ;
+-----------------------------------------------+-----------------+------------------------------+-------------------------------------------------------------------------------+---------+
; rtl/single_cycle/memory/test.dat              ; yes             ; User Unspecified File        ; C:/Users/alexr/riscv-cpu-design/rtl/single_cycle/memory/test.dat              ;         ;
; rtl/single_cycle/memory/instruction_memory.sv ; yes             ; User SystemVerilog HDL File  ; C:/Users/alexr/riscv-cpu-design/rtl/single_cycle/memory/instruction_memory.sv ;         ;
; rtl/single_cycle/memory/data_memory.sv        ; yes             ; User SystemVerilog HDL File  ; C:/Users/alexr/riscv-cpu-design/rtl/single_cycle/memory/data_memory.sv        ;         ;
; rtl/single_cycle/datapath/register_file.sv    ; yes             ; User SystemVerilog HDL File  ; C:/Users/alexr/riscv-cpu-design/rtl/single_cycle/datapath/register_file.sv    ;         ;
; rtl/single_cycle/datapath/imm_gen.sv          ; yes             ; User SystemVerilog HDL File  ; C:/Users/alexr/riscv-cpu-design/rtl/single_cycle/datapath/imm_gen.sv          ;         ;
; rtl/single_cycle/datapath/alu.sv              ; yes             ; User SystemVerilog HDL File  ; C:/Users/alexr/riscv-cpu-design/rtl/single_cycle/datapath/alu.sv              ;         ;
; rtl/single_cycle/control/main_controller.sv   ; yes             ; User SystemVerilog HDL File  ; C:/Users/alexr/riscv-cpu-design/rtl/single_cycle/control/main_controller.sv   ;         ;
; rtl/single_cycle/control/alu_controller.sv    ; yes             ; User SystemVerilog HDL File  ; C:/Users/alexr/riscv-cpu-design/rtl/single_cycle/control/alu_controller.sv    ;         ;
; rtl/common/mux3.sv                            ; yes             ; User SystemVerilog HDL File  ; C:/Users/alexr/riscv-cpu-design/rtl/common/mux3.sv                            ;         ;
; rtl/common/mux2.sv                            ; yes             ; User SystemVerilog HDL File  ; C:/Users/alexr/riscv-cpu-design/rtl/common/mux2.sv                            ;         ;
; rtl/common/flopr.sv                           ; yes             ; User SystemVerilog HDL File  ; C:/Users/alexr/riscv-cpu-design/rtl/common/flopr.sv                           ;         ;
; rtl/single_cycle/datapath.sv                  ; yes             ; User SystemVerilog HDL File  ; C:/Users/alexr/riscv-cpu-design/rtl/single_cycle/datapath.sv                  ;         ;
; rtl/single_cycle/controller.sv                ; yes             ; User SystemVerilog HDL File  ; C:/Users/alexr/riscv-cpu-design/rtl/single_cycle/controller.sv                ;         ;
; rtl/single_cycle/cpu.sv                       ; yes             ; User SystemVerilog HDL File  ; C:/Users/alexr/riscv-cpu-design/rtl/single_cycle/cpu.sv                       ;         ;
+-----------------------------------------------+-----------------+------------------------------+-------------------------------------------------------------------------------+---------+


+---------------------------------------------+
; Analysis & Synthesis Resource Usage Summary ;
+--------------------------+------------------+
; Resource                 ; Usage            ;
+--------------------------+------------------+
; I/O pins                 ; 2                ;
; DSP block 9-bit elements ; 0                ;
; Maximum fan-out node     ; clk              ;
; Maximum fan-out          ; 1                ;
; Total fan-out            ; 2                ;
; Average fan-out          ; 0.50             ;
+--------------------------+------------------+


+-----------------------------------------------------------------------------------------------------------------------------------------------------------------------------------------+
; Analysis & Synthesis Resource Utilization by Entity                                                                                                                                     ;
+----------------------------+-------------------+--------------+-------------+--------------+---------+-----------+-----------+------+--------------+---------------------+--------------+
; Compilation Hierarchy Node ; LC Combinationals ; LC Registers ; Memory Bits ; DSP Elements ; DSP 9x9 ; DSP 18x18 ; DSP 36x36 ; Pins ; Virtual Pins ; Full Hierarchy Name ; Library Name ;
+----------------------------+-------------------+--------------+-------------+--------------+---------+-----------+-----------+------+--------------+---------------------+--------------+
; |cpu                       ; 0 (0)             ; 0 (0)        ; 0           ; 0            ; 0       ; 0         ; 0         ; 2    ; 0            ; |cpu                ; work         ;
+----------------------------+-------------------+--------------+-------------+--------------+---------+-----------+-----------+------+--------------+---------------------+--------------+
Note: For table entries with two numbers listed, the numbers in parentheses indicate the number of resources of the given type used by the specific entity alone. The numbers listed outside of parentheses indicate the total resources of the given type used by the specific entity and all of its sub-entities in the hierarchy.


+------------------------------------------------------+
; General Register Statistics                          ;
+----------------------------------------------+-------+
; Statistic                                    ; Value ;
+----------------------------------------------+-------+
; Total registers                              ; 0     ;
; Number of registers using Synchronous Clear  ; 0     ;
; Number of registers using Synchronous Load   ; 0     ;
; Number of registers using Asynchronous Clear ; 0     ;
; Number of registers using Asynchronous Load  ; 0     ;
; Number of registers using Clock Enable       ; 0     ;
; Number of registers using Preset             ; 0     ;
+----------------------------------------------+-------+


+----------------------------------------------------------------------------+
; Parameter Settings for User Entity Instance: datapath:dp|flopr:pc_reg_inst ;
+----------------+-------+---------------------------------------------------+
; Parameter Name ; Value ; Type                                              ;
+----------------+-------+---------------------------------------------------+
; WIDTH          ; 32    ; Signed Integer                                    ;
+----------------+-------+---------------------------------------------------+
Note: In order to hide this table in the UI and the text report file, please set the "Show Parameter Settings in Synthesis Report" option in "Analysis and Synthesis Settings -> More Settings" to "Off".


+----------------------------------------------------------------------------------+
; Parameter Settings for User Entity Instance: datapath:dp|instruction_memory:imem ;
+----------------+-------+---------------------------------------------------------+
; Parameter Name ; Value ; Type                                                    ;
+----------------+-------+---------------------------------------------------------+
; DATA_WIDTH     ; 32    ; Signed Integer                                          ;
; ADDR_WIDTH     ; 8     ; Signed Integer                                          ;
+----------------+-------+---------------------------------------------------------+
Note: In order to hide this table in the UI and the text report file, please set the "Show Parameter Settings in Synthesis Report" option in "Analysis and Synthesis Settings -> More Settings" to "Off".


+---------------------------------------------------------------------------+
; Parameter Settings for User Entity Instance: datapath:dp|register_file:rf ;
+----------------+-------+--------------------------------------------------+
; Parameter Name ; Value ; Type                                             ;
+----------------+-------+--------------------------------------------------+
; DATA_WIDTH     ; 32    ; Signed Integer                                   ;
; REG_COUNT      ; 32    ; Signed Integer                                   ;
; ADDR_WIDTH     ; 5     ; Signed Integer                                   ;
+----------------+-------+--------------------------------------------------+
Note: In order to hide this table in the UI and the text report file, please set the "Show Parameter Settings in Synthesis Report" option in "Analysis and Synthesis Settings -> More Settings" to "Off".


+-------------------------------------------------------------------------+
; Parameter Settings for User Entity Instance: datapath:dp|imm_gen:immgen ;
+----------------+-------+------------------------------------------------+
; Parameter Name ; Value ; Type                                           ;
+----------------+-------+------------------------------------------------+
; WIDTH          ; 32    ; Signed Integer                                 ;
+----------------+-------+------------------------------------------------+
Note: In order to hide this table in the UI and the text report file, please set the "Show Parameter Settings in Synthesis Report" option in "Analysis and Synthesis Settings -> More Settings" to "Off".


+---------------------------------------------------------------------------+
; Parameter Settings for User Entity Instance: datapath:dp|mux2:alu_src_mux ;
+----------------+-------+--------------------------------------------------+
; Parameter Name ; Value ; Type                                             ;
+----------------+-------+--------------------------------------------------+
; WIDTH          ; 32    ; Signed Integer                                   ;
+----------------+-------+--------------------------------------------------+
Note: In order to hide this table in the UI and the text report file, please set the "Show Parameter Settings in Synthesis Report" option in "Analysis and Synthesis Settings -> More Settings" to "Off".


+-----------------------------------------------------------------------+
; Parameter Settings for User Entity Instance: datapath:dp|alu:alu_inst ;
+----------------+-------+----------------------------------------------+
; Parameter Name ; Value ; Type                                         ;
+----------------+-------+----------------------------------------------+
; DATA_WIDTH     ; 32    ; Signed Integer                               ;
+----------------+-------+----------------------------------------------+
Note: In order to hide this table in the UI and the text report file, please set the "Show Parameter Settings in Synthesis Report" option in "Analysis and Synthesis Settings -> More Settings" to "Off".


+---------------------------------------------------------------------------+
; Parameter Settings for User Entity Instance: datapath:dp|data_memory:dmem ;
+----------------+-------+--------------------------------------------------+
; Parameter Name ; Value ; Type                                             ;
+----------------+-------+--------------------------------------------------+
; DATA_WIDTH     ; 32    ; Signed Integer                                   ;
; ADDR_WIDTH     ; 8     ; Signed Integer                                   ;
+----------------+-------+--------------------------------------------------+
Note: In order to hide this table in the UI and the text report file, please set the "Show Parameter Settings in Synthesis Report" option in "Analysis and Synthesis Settings -> More Settings" to "Off".


+-----------------------------------------------------------------------------+
; Parameter Settings for User Entity Instance: datapath:dp|mux3:writeback_mux ;
+----------------+-------+----------------------------------------------------+
; Parameter Name ; Value ; Type                                               ;
+----------------+-------+----------------------------------------------------+
; WIDTH          ; 32    ; Signed Integer                                     ;
+----------------+-------+----------------------------------------------------+
Note: In order to hide this table in the UI and the text report file, please set the "Show Parameter Settings in Synthesis Report" option in "Analysis and Synthesis Settings -> More Settings" to "Off".


+----------------------------------------------------------------------+
; Parameter Settings for User Entity Instance: datapath:dp|mux2:pc_mux ;
+----------------+-------+---------------------------------------------+
; Parameter Name ; Value ; Type                                        ;
+----------------+-------+---------------------------------------------+
; WIDTH          ; 32    ; Signed Integer                              ;
+----------------+-------+---------------------------------------------+
Note: In order to hide this table in the UI and the text report file, please set the "Show Parameter Settings in Synthesis Report" option in "Analysis and Synthesis Settings -> More Settings" to "Off".


+-------------------------------------------------------------------------------------------------------------------------+
; Port Connectivity Checks: "datapath:dp"                                                                                 ;
+---------------+--------+----------+-------------------------------------------------------------------------------------+
; Port          ; Type   ; Severity ; Details                                                                             ;
+---------------+--------+----------+-------------------------------------------------------------------------------------+
; instr[29..15] ; Output ; Info     ; Connected to dangling logic. Logic that only feeds a dangling port will be removed. ;
; instr[11..7]  ; Output ; Info     ; Connected to dangling logic. Logic that only feeds a dangling port will be removed. ;
; instr[31]     ; Output ; Info     ; Connected to dangling logic. Logic that only feeds a dangling port will be removed. ;
+---------------+--------+----------+-------------------------------------------------------------------------------------+


+-------------------------------+
; Elapsed Time Per Partition    ;
+----------------+--------------+
; Partition Name ; Elapsed Time ;
+----------------+--------------+
; Top            ; 00:00:00     ;
+----------------+--------------+


+-------------------------------+
; Analysis & Synthesis Messages ;
+-------------------------------+
Info: *******************************************************************
Info: Running Quartus II 32-bit Analysis & Synthesis
    Info: Version 13.0.1 Build 232 06/12/2013 Service Pack 1 SJ Web Edition
    Info: Processing started: Fri Mar 13 13:09:19 2026
Info: Command: quartus_map --read_settings_files=on --write_settings_files=off cpu -c cpu
Warning (20028): Parallel compilation is not licensed and has been disabled
Info (12021): Found 1 design units, including 1 entities, in source file rtl/single_cycle/memory/instruction_memory.sv
    Info (12023): Found entity 1: instruction_memory
Info (12021): Found 1 design units, including 1 entities, in source file rtl/single_cycle/memory/data_memory.sv
    Info (12023): Found entity 1: data_memory
Info (12021): Found 1 design units, including 1 entities, in source file rtl/single_cycle/datapath/register_file.sv
    Info (12023): Found entity 1: register_file
Info (12021): Found 1 design units, including 1 entities, in source file rtl/single_cycle/datapath/imm_gen.sv
    Info (12023): Found entity 1: imm_gen
Info (12021): Found 1 design units, including 1 entities, in source file rtl/single_cycle/datapath/alu.sv
    Info (12023): Found entity 1: alu
Info (12021): Found 1 design units, including 1 entities, in source file rtl/single_cycle/control/main_controller.sv
    Info (12023): Found entity 1: main_controller
Info (12021): Found 1 design units, including 1 entities, in source file rtl/single_cycle/control/alu_controller.sv
    Info (12023): Found entity 1: alu_controller
Info (12021): Found 1 design units, including 1 entities, in source file rtl/common/mux3.sv
    Info (12023): Found entity 1: mux3
Info (12021): Found 1 design units, including 1 entities, in source file rtl/common/mux2.sv
    Info (12023): Found entity 1: mux2
Info (12021): Found 1 design units, including 1 entities, in source file rtl/common/flopr.sv
    Info (12023): Found entity 1: flopr
Info (12021): Found 1 design units, including 1 entities, in source file rtl/common/flop_en.sv
    Info (12023): Found entity 1: flop_en
Info (12021): Found 1 design units, including 1 entities, in source file rtl/single_cycle/datapath.sv
    Info (12023): Found entity 1: datapath
Info (12021): Found 1 design units, including 1 entities, in source file rtl/single_cycle/controller.sv
    Info (12023): Found entity 1: controller
Info (12021): Found 1 design units, including 1 entities, in source file rtl/single_cycle/cpu.sv
    Info (12023): Found entity 1: cpu
Warning (10236): Verilog HDL Implicit Net warning at controller.sv(25): created implicit net for "jump"
Info (12127): Elaborating entity "cpu" for the top level hierarchy
Info (12128): Elaborating entity "controller" for hierarchy "controller:ctrl"
Info (12128): Elaborating entity "main_controller" for hierarchy "controller:ctrl|main_controller:mc"
Info (12128): Elaborating entity "alu_controller" for hierarchy "controller:ctrl|alu_controller:ac"
Info (12128): Elaborating entity "datapath" for hierarchy "datapath:dp"
Info (12128): Elaborating entity "flopr" for hierarchy "datapath:dp|flopr:pc_reg_inst"
Info (12128): Elaborating entity "instruction_memory" for hierarchy "datapath:dp|instruction_memory:imem"
Warning (10850): Verilog HDL warning at instruction_memory.sv(14): number of words (6) in memory file does not match the number of elements in the address range [0:255]
Warning (10030): Net "ROM.data_a" at instruction_memory.sv(11) has no driver or initial value, using a default initial value '0'
Warning (10030): Net "ROM.waddr_a" at instruction_memory.sv(11) has no driver or initial value, using a default initial value '0'
Warning (10030): Net "ROM.we_a" at instruction_memory.sv(11) has no driver or initial value, using a default initial value '0'
Info (12128): Elaborating entity "register_file" for hierarchy "datapath:dp|register_file:rf"
Info (12128): Elaborating entity "imm_gen" for hierarchy "datapath:dp|imm_gen:immgen"
Info (12128): Elaborating entity "mux2" for hierarchy "datapath:dp|mux2:alu_src_mux"
Info (12128): Elaborating entity "alu" for hierarchy "datapath:dp|alu:alu_inst"
Info (12128): Elaborating entity "data_memory" for hierarchy "datapath:dp|data_memory:dmem"
Info (12128): Elaborating entity "mux3" for hierarchy "datapath:dp|mux3:writeback_mux"
Info (16010): Generating hard_block partition "hard_block:auto_generated_inst"
    Info (16011): Adding 0 node(s), including 0 DDIO, 0 PLL, 0 transceiver and 0 LCELL
Warning (21074): Design contains 2 input pin(s) that do not drive logic
    Warning (15610): No output dependent on input pin "clk"
    Warning (15610): No output dependent on input pin "reset"
Info (21057): Implemented 2 device resources after synthesis - the final resource count might be different
    Info (21058): Implemented 2 input pins
    Info (21059): Implemented 0 output pins
Info: Quartus II 32-bit Analysis & Synthesis was successful. 0 errors, 9 warnings
    Info: Peak virtual memory: 410 megabytes
    Info: Processing ended: Fri Mar 13 13:09:21 2026
    Info: Elapsed time: 00:00:02
    Info: Total CPU time (on all processors): 00:00:02


